// Jest Snapshot v1, https://goo.gl/fbAQLP

exports[`renders without crashing 1`] = `"<view style=\\"height: 10px; width: 90%;\\"><view></view><view></view><view></view></view>"`;
